src/app/(dashboard)/audit/contracts/page.tsx(46,21): error TS2345: Argument of type 'string | null | undefined' is not assignable to parameter of type 'string'.
  Type 'undefined' is not assignable to type 'string'.
src/app/(dashboard)/audit/invoices/page.tsx(52,21): error TS2345: Argument of type 'string | null | undefined' is not assignable to parameter of type 'string'.
  Type 'undefined' is not assignable to type 'string'.
src/app/(dashboard)/audit/invoices/page.tsx(60,21): error TS2345: Argument of type 'string | null | undefined' is not assignable to parameter of type 'string'.
  Type 'undefined' is not assignable to type 'string'.
src/app/(dashboard)/budgets/[id]/page.tsx(88,60): error TS2532: Object is possibly 'undefined'.
src/app/(dashboard)/layout.tsx(50,20): error TS2532: Object is possibly 'undefined'.
src/app/(dashboard)/page.tsx(37,61): error TS2345: Argument of type 'string | null | undefined' is not assignable to parameter of type 'string'.
  Type 'undefined' is not assignable to type 'string'.
src/app/(dashboard)/page.tsx(61,7): error TS2322: Type 'string | null' is not assignable to type 'string'.
  Type 'null' is not assignable to type 'string'.
src/app/(dashboard)/page.tsx(65,31): error TS2339: Property 'resourceId' does not exist on type 'string | number | boolean | { [key: string]: Json | undefined; } | Json[]'.
  Property 'resourceId' does not exist on type 'string'.
src/app/(dashboard)/page.tsx(66,31): error TS2339: Property 'actionType' does not exist on type 'string | number | boolean | { [key: string]: Json | undefined; } | Json[]'.
  Property 'actionType' does not exist on type 'string'.
src/app/(dashboard)/page.tsx(145,32): error TS2412: Type 'string | null | undefined' is not assignable to type 'string | undefined' with 'exactOptionalPropertyTypes: true'. Consider adding 'undefined' to the type of the target.
src/app/api/admin/test-setup/route.ts(20,8): error TS2769: No overload matches this call.
  Overload 1 of 2, '(values: RejectExcessProperties<{ created_at?: string | null; id: string; logo_url?: string | null; name: string; settings?: Json; slug?: string | null; updated_at?: string | null; }, { created_at?: string | null; ... 5 more ...; updated_at?: string | null; }>, options?: { ...; } | undefined): PostgrestFilterBuilder<...>', gave the following error.
    Argument of type '{ name: string; slug: string; }' is not assignable to parameter of type 'RejectExcessProperties<{ created_at?: string | null; id: string; logo_url?: string | null; name: string; settings?: Json; slug?: string | null; updated_at?: string | null; }, { created_at?: string | null; ... 5 more ...; updated_at?: string | null; }>'.
      Property 'id' is missing in type '{ name: string; slug: string; }' but required in type '{ created_at?: string | null; id: string; logo_url?: string | null; name: string; settings?: Json; slug?: string | null; updated_at?: string | null; }'.
  Overload 2 of 2, '(values: RejectExcessProperties<{ created_at?: string | null; id: string; logo_url?: string | null; name: string; settings?: Json; slug?: string | null; updated_at?: string | null; }, { created_at?: string | null; ... 5 more ...; updated_at?: string | null; }>[], options?: { ...; } | undefined): PostgrestFilterBuilder<...>', gave the following error.
    Object literal may only specify known properties, and 'name' does not exist in type 'RejectExcessProperties<{ created_at?: string | null; id: string; logo_url?: string | null; name: string; settings?: Json; slug?: string | null; updated_at?: string | null; }, { created_at?: string | null; ... 5 more ...; updated_at?: string | null; }>[]'.
src/app/api/admin/test-setup/route.ts(77,9): error TS2769: No overload matches this call.
  Overload 2 of 2, '(values: RejectExcessProperties<{ content_extracted?: string | null; created_at?: string | null; deleted_at?: string | null; document_id?: string | null; file_url?: string | null; id?: string; version_number: number; }, { ...; }>[], options?: { ...; } | undefined): PostgrestFilterBuilder<...>', gave the following error.
    Object literal may only specify known properties, and 'document_id' does not exist in type 'RejectExcessProperties<{ content_extracted?: string | null; created_at?: string | null; deleted_at?: string | null; document_id?: string | null; file_url?: string | null; id?: string; version_number: number; }, { ...; }>[]'.
src/app/api/admin/test-setup/route.ts(89,38): error TS2769: No overload matches this call.
  Overload 1 of 2, '(values: RejectExcessProperties<{ auto_renewal?: boolean | null; compliance_score?: number | null; contract_number: string; contract_value?: number | null; counterparty: string; created_at?: string | null; document_id: string; ... 7 more ...; status?: string | null; }, { ...; }>, options?: { ...; } | undefined): PostgrestFilterBuilder<...>', gave the following error.
    Object literal may only specify known properties, and 'total_amount' does not exist in type 'RejectExcessProperties<{ auto_renewal?: boolean | null; compliance_score?: number | null; contract_number: string; contract_value?: number | null; counterparty: string; created_at?: string | null; document_id: string; ... 7 more ...; status?: string | null; }, { ...; }>'.
  Overload 2 of 2, '(values: RejectExcessProperties<{ auto_renewal?: boolean | null; compliance_score?: number | null; contract_number: string; contract_value?: number | null; counterparty: string; created_at?: string | null; document_id: string; ... 7 more ...; status?: string | null; }, { ...; }>[], options?: { ...; } | undefined): PostgrestFilterBuilder<...>', gave the following error.
    Object literal may only specify known properties, and 'id' does not exist in type 'RejectExcessProperties<{ auto_renewal?: boolean | null; compliance_score?: number | null; contract_number: string; contract_value?: number | null; counterparty: string; created_at?: string | null; document_id: string; ... 7 more ...; status?: string | null; }, { ...; }>[]'.
src/app/api/audit/approve/bulk/route.ts(34,41): error TS2322: Type 'string' is not assignable to type 'never'.
src/app/api/audit/approve/bulk/route.ts(39,41): error TS2322: Type 'number' is not assignable to type 'never'.
src/app/todos/page.tsx(18,25): error TS2345: Argument of type '(doc: { id: string; title: string; status: string; }) => JSX.Element' is not assignable to parameter of type '(value: { category: string | null; code: string | null; created_at: string | null; created_by: string | null; current_version: number | null; deleted_at: string | null; description: string | null; ... 8 more ...; updated_at: string | null; }, index: number, array: { ...; }[]) => Element'.
  Types of parameters 'doc' and 'value' are incompatible.
    Type '{ category: string | null; code: string | null; created_at: string | null; created_by: string | null; current_version: number | null; deleted_at: string | null; description: string | null; ... 8 more ...; updated_at: string | null; }' is not assignable to type '{ id: string; title: string; status: string; }'.
      Types of property 'status' are incompatible.
        Type 'string | null' is not assignable to type 'string'.
          Type 'null' is not assignable to type 'string'.
src/components/layout/NotificationBell.tsx(29,21): error TS2345: Argument of type 'string | null | undefined' is not assignable to parameter of type 'string'.
  Type 'undefined' is not assignable to type 'string'.
src/lib/ai/ai-client.ts(103,14): error TS2532: Object is possibly 'undefined'.
src/lib/ai/ai-client.ts(149,71): error TS2769: No overload matches this call.
  Overload 1 of 3, '(body: ChatCompletionCreateParamsNonStreaming, options?: RequestOptions | undefined): APIPromise<ChatCompletion>', gave the following error.
    Argument of type '{ model: string; messages: OpenAI.Chat.Completions.ChatCompletionMessageParam[]; temperature: number; max_tokens: number; response_format: { type: "json_object"; } | undefined; }' is not assignable to parameter of type 'ChatCompletionCreateParamsNonStreaming' with 'exactOptionalPropertyTypes: true'. Consider adding 'undefined' to the types of the target's properties.
      Types of property 'response_format' are incompatible.
        Type '{ type: "json_object"; } | undefined' is not assignable to type 'ResponseFormatText | ResponseFormatJSONSchema | ResponseFormatJSONObject'.
          Type 'undefined' is not assignable to type 'ResponseFormatText | ResponseFormatJSONSchema | ResponseFormatJSONObject'.
  Overload 2 of 3, '(body: ChatCompletionCreateParamsStreaming, options?: RequestOptions | undefined): APIPromise<Stream<ChatCompletionChunk>>', gave the following error.
    Argument of type '{ model: string; messages: OpenAI.Chat.Completions.ChatCompletionMessageParam[]; temperature: number; max_tokens: number; response_format: { type: "json_object"; } | undefined; }' is not assignable to parameter of type 'ChatCompletionCreateParamsStreaming' with 'exactOptionalPropertyTypes: true'. Consider adding 'undefined' to the types of the target's properties.
      Property 'stream' is missing in type '{ model: string; messages: OpenAI.Chat.Completions.ChatCompletionMessageParam[]; temperature: number; max_tokens: number; response_format: { type: "json_object"; } | undefined; }' but required in type 'ChatCompletionCreateParamsStreaming'.
  Overload 3 of 3, '(body: ChatCompletionCreateParamsBase, options?: RequestOptions | undefined): APIPromise<ChatCompletion | Stream<...>>', gave the following error.
    Argument of type '{ model: string; messages: OpenAI.Chat.Completions.ChatCompletionMessageParam[]; temperature: number; max_tokens: number; response_format: { type: "json_object"; } | undefined; }' is not assignable to parameter of type 'ChatCompletionCreateParamsBase' with 'exactOptionalPropertyTypes: true'. Consider adding 'undefined' to the types of the target's properties.
      Types of property 'response_format' are incompatible.
        Type '{ type: "json_object"; } | undefined' is not assignable to type 'ResponseFormatText | ResponseFormatJSONSchema | ResponseFormatJSONObject'.
          Type 'undefined' is not assignable to type 'ResponseFormatText | ResponseFormatJSONSchema | ResponseFormatJSONObject'.
src/lib/ai/ai-client.ts(198,43): error TS2769: No overload matches this call.
  Overload 1 of 2, '(values: RejectExcessProperties<{ completion_tokens?: number | null; created_at?: string | null; endpoint: string; error_message?: string | null; id?: string; model: string; org_id: string; prompt_tokens?: number | null; provider: string; response_time_ms?: number | null; success?: boolean | null; total_tokens?: number | null; }, { ...; }>, options?: { ...; } | undefined): PostgrestFilterBuilder<...>', gave the following error.
    Argument of type '{ org_id: string; endpoint: string; provider: string; model: string; success: boolean; response_time_ms: number; error_message: string | undefined; }' is not assignable to parameter of type 'RejectExcessProperties<{ completion_tokens?: number | null; created_at?: string | null; endpoint: string; error_message?: string | null; id?: string; model: string; org_id: string; prompt_tokens?: number | null; provider: string; response_time_ms?: number | null; success?: boolean | null; total_tokens?: number | nul...' with 'exactOptionalPropertyTypes: true'. Consider adding 'undefined' to the types of the target's properties.
      Type '{ org_id: string; endpoint: string; provider: string; model: string; success: boolean; response_time_ms: number; error_message: string | undefined; }' is not assignable to type '{ completion_tokens?: number | null; created_at?: string | null; endpoint: string; error_message?: string | null; id?: string; model: string; org_id: string; prompt_tokens?: number | null; provider: string; response_time_ms?: number | null; success?: boolean | null; total_tokens?: number | null; }' with 'exactOptionalPropertyTypes: true'. Consider adding 'undefined' to the types of the target's properties.
        Types of property 'error_message' are incompatible.
          Type 'string | undefined' is not assignable to type 'string | null'.
            Type 'undefined' is not assignable to type 'string | null'.
  Overload 2 of 2, '(values: RejectExcessProperties<{ completion_tokens?: number | null; created_at?: string | null; endpoint: string; error_message?: string | null; id?: string; model: string; org_id: string; prompt_tokens?: number | null; provider: string; response_time_ms?: number | null; success?: boolean | null; total_tokens?: number | null; }, { ...; }>[], options?: { ...; } | undefined): PostgrestFilterBuilder<...>', gave the following error.
    Object literal may only specify known properties, and 'org_id' does not exist in type 'RejectExcessProperties<{ completion_tokens?: number | null; created_at?: string | null; endpoint: string; error_message?: string | null; id?: string; model: string; org_id: string; prompt_tokens?: number | null; provider: string; response_time_ms?: number | null; success?: boolean | null; total_tokens?: number | nul...'.
src/lib/ai/contract-validator.ts(74,38): error TS2769: No overload matches this call.
  Overload 1 of 2, '(values: RejectExcessProperties<{ auto_renewal?: boolean | null; compliance_score?: number | null; contract_number: string; contract_value?: number | null; counterparty: string; created_at?: string | null; document_id: string; ... 7 more ...; status?: string | null; }, { ...; }>, options?: { ...; } | undefined): PostgrestFilterBuilder<...>', gave the following error.
    Argument of type '{ id: string; org_id: string; status: string; compliance_score: number; metadata: { last_audit: string; findings_count: number; summary: string; }; }' is not assignable to parameter of type 'RejectExcessProperties<{ auto_renewal?: boolean | null; compliance_score?: number | null; contract_number: string; contract_value?: number | null; counterparty: string; created_at?: string | null; document_id: string; ... 7 more ...; status?: string | null; }, { ...; }>'.
      Type '{ id: string; org_id: string; status: string; compliance_score: number; metadata: { last_audit: string; findings_count: number; summary: string; }; }' is missing the following properties from type '{ auto_renewal?: boolean | null; compliance_score?: number | null; contract_number: string; contract_value?: number | null; counterparty: string; created_at?: string | null; document_id: string; ... 7 more ...; status?: string | null; }': contract_number, counterparty, document_id, end_date, start_date
  Overload 2 of 2, '(values: RejectExcessProperties<{ auto_renewal?: boolean | null; compliance_score?: number | null; contract_number: string; contract_value?: number | null; counterparty: string; created_at?: string | null; document_id: string; ... 7 more ...; status?: string | null; }, { ...; }>[], options?: { ...; } | undefined): PostgrestFilterBuilder<...>', gave the following error.
    Object literal may only specify known properties, and 'id' does not exist in type 'RejectExcessProperties<{ auto_renewal?: boolean | null; compliance_score?: number | null; contract_number: string; contract_value?: number | null; counterparty: string; created_at?: string | null; document_id: string; ... 7 more ...; status?: string | null; }, { ...; }>[]'.
src/lib/ai/invoice-validator.ts(85,37): error TS2769: No overload matches this call.
  Overload 1 of 2, '(values: RejectExcessProperties<{ amount: number; contract_id?: string | null; created_at?: string | null; currency?: string | null; discrepancies?: Json; id?: string; invoice_number: string; metadata?: Json; ... 5 more ...; validation_status?: string | null; }, { ...; }>, options?: { ...; } | undefined): PostgrestFilterBuilder<...>', gave the following error.
    Object literal may only specify known properties, and 'total_amount' does not exist in type 'RejectExcessProperties<{ amount: number; contract_id?: string | null; created_at?: string | null; currency?: string | null; discrepancies?: Json; id?: string; invoice_number: string; metadata?: Json; ... 5 more ...; validation_status?: string | null; }, { ...; }>'.
  Overload 2 of 2, '(values: RejectExcessProperties<{ amount: number; contract_id?: string | null; created_at?: string | null; currency?: string | null; discrepancies?: Json; id?: string; invoice_number: string; metadata?: Json; ... 5 more ...; validation_status?: string | null; }, { ...; }>[], options?: { ...; } | undefined): PostgrestFilterBuilder<...>', gave the following error.
    Object literal may only specify known properties, and 'id' does not exist in type 'RejectExcessProperties<{ amount: number; contract_id?: string | null; created_at?: string | null; currency?: string | null; discrepancies?: Json; id?: string; invoice_number: string; metadata?: Json; ... 5 more ...; validation_status?: string | null; }, { ...; }>[]'.
src/lib/ai/pipeline.ts(91,9): error TS2322: Type '{ compliant: boolean; score: number; findings: { clause: string; status: "compliant" | "non-compliant" | "warning"; description: string; recommendation?: string | undefined; }[]; summary: string; }' is not assignable to type 'AuditResult'.
  Types of property 'findings' are incompatible.
    Type '{ clause: string; status: "compliant" | "non-compliant" | "warning"; description: string; recommendation?: string | undefined; }[]' is not assignable to type '{ clause: string; status: string; description: string; recommendation?: string; }[]'.
      Type '{ clause: string; status: "compliant" | "non-compliant" | "warning"; description: string; recommendation?: string | undefined; }' is not assignable to type '{ clause: string; status: string; description: string; recommendation?: string; }' with 'exactOptionalPropertyTypes: true'. Consider adding 'undefined' to the types of the target's properties.
        Types of property 'recommendation' are incompatible.
          Type 'string | undefined' is not assignable to type 'string'.
            Type 'undefined' is not assignable to type 'string'.
src/lib/ai/vectorizer.ts(30,60): error TS2345: Argument of type 'string | undefined' is not assignable to parameter of type 'string'.
  Type 'undefined' is not assignable to type 'string'.
src/lib/ai/vectorizer.ts(34,11): error TS2769: No overload matches this call.
  Overload 2 of 2, '(values: RejectExcessProperties<{ chunk_index: number; content: string; created_at?: string | null; document_id: string; embedding?: string | null; id?: string; summary?: string | null; version_id: string; }, { chunk_index: number; ... 6 more ...; version_id: string; }>[], options?: { ...; } | undefined): PostgrestFilterBuilder<...>', gave the following error.
    Object literal may only specify known properties, and 'version_id' does not exist in type 'RejectExcessProperties<{ chunk_index: number; content: string; created_at?: string | null; document_id: string; embedding?: string | null; id?: string; summary?: string | null; version_id: string; }, { chunk_index: number; ... 6 more ...; version_id: string; }>[]'.
src/lib/ai/vectorizer.ts(39,31): error TS18048: 'chunkText' is possibly 'undefined'.
src/lib/ai/vectorizer.ts(91,7): error TS2322: Type 'number[]' is not assignable to type 'string'.
src/lib/services/legajos.ts(78,25): error TS2532: Object is possibly 'undefined'.
src/lib/services/notifications.ts(24,60): error TS2769: No overload matches this call.
  Overload 1 of 2, '(values: RejectExcessProperties<{ created_at?: string | null; id?: string; is_read?: boolean | null; link?: string | null; message: string; metadata?: Json; org_id: string; severity?: string | null; title: string; type: string; user_id?: string | null; }, { ...; }>, options?: { ...; } | undefined): PostgrestFilterBuilder<...>', gave the following error.
    Argument of type '{ org_id: string; user_id: string | undefined; type: "system" | "audit_alert" | "document_expiry" | "approval_request"; severity: "critical" | "warning" | "info"; title: string; message: string; link: string | undefined; metadata: any; }' is not assignable to parameter of type 'RejectExcessProperties<{ created_at?: string | null; id?: string; is_read?: boolean | null; link?: string | null; message: string; metadata?: Json; org_id: string; severity?: string | null; title: string; type: string; user_id?: string | null; }, { ...; }>' with 'exactOptionalPropertyTypes: true'. Consider adding 'undefined' to the types of the target's properties.
      Type '{ org_id: string; user_id: string | undefined; type: "system" | "audit_alert" | "document_expiry" | "approval_request"; severity: "critical" | "warning" | "info"; title: string; message: string; link: string | undefined; metadata: any; }' is not assignable to type '{ created_at?: string | null; id?: string; is_read?: boolean | null; link?: string | null; message: string; metadata?: Json; org_id: string; severity?: string | null; title: string; type: string; user_id?: string | null; }' with 'exactOptionalPropertyTypes: true'. Consider adding 'undefined' to the types of the target's properties.
        Types of property 'link' are incompatible.
          Type 'string | undefined' is not assignable to type 'string | null'.
            Type 'undefined' is not assignable to type 'string | null'.
  Overload 2 of 2, '(values: RejectExcessProperties<{ created_at?: string | null; id?: string; is_read?: boolean | null; link?: string | null; message: string; metadata?: Json; org_id: string; severity?: string | null; title: string; type: string; user_id?: string | null; }, { ...; }>[], options?: { ...; } | undefined): PostgrestFilterBuilder<...>', gave the following error.
    Object literal may only specify known properties, and 'org_id' does not exist in type 'RejectExcessProperties<{ created_at?: string | null; id?: string; is_read?: boolean | null; link?: string | null; message: string; metadata?: Json; org_id: string; severity?: string | null; title: string; type: string; user_id?: string | null; }, { ...; }>[]'.
tests/qa-engine.test.ts(67,12): error TS2532: Object is possibly 'undefined'.
